jsbien@JSBbookworm:~/git/djvu2mask/test$ ../tools/ddjvu -help
DDJVU --- DjVuLibre-3.5.28
DjVu decompression utility

Usage: ddjvu [options] [<djvufile> [<outputfile>]]

Options:
  -verbose          Print various informational messages.
  -format=FMT       Select output format: pbm,pgm,ppm,pnm,rle,tiff.
  -scale=N          Select display scale.
  -size=WxH         Select size of rendered image.
  -subsample=N      Select direct subsampling factor.
  -aspect=no        Authorize aspect ratio changes
  -segment=WxH+X+Y  Select which segment of the rendered image
  -mode=black       Render a meaningful bitonal image.
  -mode=mask        Only render the mask layer.
  -mode=foreground  Only render the foreground layer.
  -mode=background  Only render the background layer.
  -page=PAGESPEC    Select page(s) to be decoded.
  -skip             Skip corrupted pages instead of aborting.
  -eachpage         Produce one file per page (using %d in outputfile).
  -quality=QUALITY  Specify jpeg quality for lossy tiff output.

If <outputfile> is a single dash or omitted, the decompressed image
is sent to the standard output.  If <djvufile> is a single dash or
omitted, the djvu file is read from the standard input.

jsbien@JSBbookworm:~/git/djvu2mask/test$ ../tools/ddjvu -mode=mask Hochfeder-02_PT01_020bis.djvu mask.pbm
jsbien@JSBbookworm:~/git/djvu2mask/test$ ../tools/ddjvu -mode=mask Hochfeder-02_PT01_020bis.djvu black.pbm
jsbien@JSBbookworm:~/git/djvu2mask/test$ cd ..
jsbien@JSBbookworm:~/git/djvu2mask$ git add *
jsbien@JSBbookworm:~/git/djvu2mask$ git commit -m "tests"
[main 149f1f4] tests
 6 files changed, 1177 insertions(+)
 create mode 100644 compile.log
 create mode 120000 test/.#mask.log
 create mode 100644 test/Hochfeder-02_PT01_020bis.djvu
 create mode 100644 test/black.pbm
 create mode 100644 test/mask.log
 create mode 100644 test/mask.pbm
jsbien@JSBbookworm:~/git/djvu2mask$ git push
Enumerating objects: 9, done.
Counting objects: 100% (9/9), done.
Delta compression using up to 12 threads
Compressing objects: 100% (7/7), done.
Writing objects: 100% (8/8), 55.02 KiB | 6.88 MiB/s, done.
Total 8 (delta 1), reused 0 (delta 0), pack-reused 0
remote: Resolving deltas: 100% (1/1), completed with 1 local object.        
To https://github.com/jsbien/djvu2mask.git
   7c5a3c8..149f1f4  main -> main
jsbien@JSBbookworm:~/git/djvu2mask$ file black
black: cannot open `black' (No such file or directory)
jsbien@JSBbookworm:~/git/djvu2mask$ cd test/
jsbien@JSBbookworm:~/git/djvu2mask/test$ 